

================================================================
== Vitis HLS Report for 'Bias2Output'
================================================================
* Date:           Thu May  9 17:20:25 2024

* Version:        2022.1 (Build 3526262 on Mon Apr 18 15:48:16 MDT 2022)
* Project:        Conv_Tile129
* Solution:       solution9 (Vivado IP Flow Target)
* Product family: zynquplus
* Target device:  xck26-sfvc784-2LV-c


================================================================
== Performance Estimates
================================================================
+ Timing: 
    * Summary: 
    +--------+---------+----------+------------+
    |  Clock |  Target | Estimated| Uncertainty|
    +--------+---------+----------+------------+
    |ap_clk  |  4.80 ns|  3.446 ns|     1.30 ns|
    +--------+---------+----------+------------+

+ Latency: 
    * Summary: 
    +---------+---------+----------+----------+-----+-----+------------------------------------------+
    |  Latency (cycles) |  Latency (absolute) |  Interval |                 Pipeline                 |
    |   min   |   max   |    min   |    max   | min | max |                   Type                   |
    +---------+---------+----------+----------+-----+-----+------------------------------------------+
    |      784|      785|  3.763 us|  3.768 us|  784|  784|  loop rewind stp(delay=0 clock cycles(s))|
    +---------+---------+----------+----------+-----+-----+------------------------------------------+

    + Detail: 
        * Instance: 
        N/A

        * Loop: 
        +-----------------------------------+---------+---------+----------+-----------+-----------+------+----------+
        |                                   |  Latency (cycles) | Iteration|  Initiation Interval  | Trip |          |
        |             Loop Name             |   min   |   max   |  Latency |  achieved |   target  | Count| Pipelined|
        +-----------------------------------+---------+---------+----------+-----------+-----------+------+----------+
        |- VITIS_LOOP_10_1_VITIS_LOOP_11_2  |      784|      784|         2|          1|          1|   784|       yes|
        +-----------------------------------+---------+---------+----------+-----------+-----------+------+----------+



================================================================
== Utilization Estimates
================================================================
* Summary: 
+-----------------+---------+------+--------+--------+-----+
|       Name      | BRAM_18K|  DSP |   FF   |   LUT  | URAM|
+-----------------+---------+------+--------+--------+-----+
|DSP              |        -|     -|       -|       -|    -|
|Expression       |        -|     -|       0|    3192|    -|
|FIFO             |        -|     -|       -|       -|    -|
|Instance         |        -|     -|       -|       -|    -|
|Memory           |        -|     -|       -|       -|    -|
|Multiplexer      |        -|     -|       -|     809|    -|
|Register         |        -|     -|     548|       -|    -|
+-----------------+---------+------+--------+--------+-----+
|Total            |        0|     0|     548|    4001|    0|
+-----------------+---------+------+--------+--------+-----+
|Available        |      288|  1248|  234240|  117120|   64|
+-----------------+---------+------+--------+--------+-----+
|Utilization (%)  |        0|     0|      ~0|       3|    0|
+-----------------+---------+------+--------+--------+-----+

+ Detail: 
    * Instance: 
    N/A

    * DSP: 
    N/A

    * Memory: 
    N/A

    * FIFO: 
    N/A

    * Expression: 
    +------------------------+----------+----+---+----+------------+------------+
    |      Variable Name     | Operation| DSP| FF| LUT| Bitwidth P0| Bitwidth P1|
    +------------------------+----------+----+---+----+------------+------------+
    |add_ln10_1_fu_2108_p2   |         +|   0|  0|  17|          10|           1|
    |add_ln10_fu_2120_p2     |         +|   0|  0|  12|           5|           1|
    |add_ln15_fu_2192_p2     |         +|   0|  0|  18|           9|           9|
    |c_fu_2764_p2            |         +|   0|  0|  12|           5|           1|
    |sub_ln15_fu_2162_p2     |         -|   0|  0|  18|           9|           9|
    |ap_condition_691        |       and|   0|  0|   2|           1|           1|
    |icmp_ln10_fu_2114_p2    |      icmp|   0|  0|  11|          10|           9|
    |icmp_ln11_fu_2770_p2    |      icmp|   0|  0|   9|           5|           4|
    |r_fu_2134_p3            |    select|   0|  0|   5|           1|           5|
    |select_ln10_fu_2126_p3  |    select|   0|  0|   5|           1|           1|
    |output_buffer_0_d1      |       shl|   0|  0|  96|          32|          32|
    |output_buffer_10_d1     |       shl|   0|  0|  96|          32|          32|
    |output_buffer_11_d1     |       shl|   0|  0|  96|          32|          32|
    |output_buffer_12_d1     |       shl|   0|  0|  96|          32|          32|
    |output_buffer_13_d1     |       shl|   0|  0|  96|          32|          32|
    |output_buffer_14_d1     |       shl|   0|  0|  96|          32|          32|
    |output_buffer_15_d1     |       shl|   0|  0|  96|          32|          32|
    |output_buffer_16_d1     |       shl|   0|  0|  96|          32|          32|
    |output_buffer_17_d1     |       shl|   0|  0|  96|          32|          32|
    |output_buffer_18_d1     |       shl|   0|  0|  96|          32|          32|
    |output_buffer_19_d1     |       shl|   0|  0|  96|          32|          32|
    |output_buffer_1_d1      |       shl|   0|  0|  96|          32|          32|
    |output_buffer_20_d1     |       shl|   0|  0|  96|          32|          32|
    |output_buffer_21_d1     |       shl|   0|  0|  96|          32|          32|
    |output_buffer_22_d1     |       shl|   0|  0|  96|          32|          32|
    |output_buffer_23_d1     |       shl|   0|  0|  96|          32|          32|
    |output_buffer_24_d1     |       shl|   0|  0|  96|          32|          32|
    |output_buffer_25_d1     |       shl|   0|  0|  96|          32|          32|
    |output_buffer_26_d1     |       shl|   0|  0|  96|          32|          32|
    |output_buffer_27_d1     |       shl|   0|  0|  96|          32|          32|
    |output_buffer_28_d1     |       shl|   0|  0|  96|          32|          32|
    |output_buffer_29_d1     |       shl|   0|  0|  96|          32|          32|
    |output_buffer_2_d1      |       shl|   0|  0|  96|          32|          32|
    |output_buffer_30_d1     |       shl|   0|  0|  96|          32|          32|
    |output_buffer_31_d1     |       shl|   0|  0|  96|          32|          32|
    |output_buffer_3_d1      |       shl|   0|  0|  96|          32|          32|
    |output_buffer_4_d1      |       shl|   0|  0|  96|          32|          32|
    |output_buffer_5_d1      |       shl|   0|  0|  96|          32|          32|
    |output_buffer_6_d1      |       shl|   0|  0|  96|          32|          32|
    |output_buffer_7_d1      |       shl|   0|  0|  96|          32|          32|
    |output_buffer_8_d1      |       shl|   0|  0|  96|          32|          32|
    |output_buffer_9_d1      |       shl|   0|  0|  96|          32|          32|
    |shl_ln15_2_fu_2261_p2   |       shl|   0|  0|   9|           2|           4|
    |ap_enable_pp0           |       xor|   0|  0|   2|           1|           2|
    +------------------------+----------+----+---+----+------------+------------+
    |Total                   |          |   0|  0|3192|        1083|        1071|
    +------------------------+----------+----+---+----+------------+------------+

    * Multiplexer: 
    +-----------------------------------------------------------------------------------------------------------------+----+-----------+-----+-----------+
    |                                                       Name                                                      | LUT| Input Size| Bits| Total Bits|
    +-----------------------------------------------------------------------------------------------------------------+----+-----------+-----+-----------+
    |ap_NS_fsm                                                                                                        |  14|          3|    1|          3|
    |ap_enable_reg_pp0_iter1                                                                                          |   9|          2|    1|          2|
    |ap_phi_mux_My_Conv_int_int_int_int_int_int_int_int_int_int_int_ap_fixed_ap_fixed_ap_fixed_44_phi_fu_1946_p4      |  14|          3|   16|         48|
    |ap_phi_mux_My_Conv_int_int_int_int_int_int_int_int_int_int_int_ap_fixed_ap_fixed_ap_fixed_45_phi_fu_1959_p4      |  14|          3|   16|         48|
    |ap_phi_mux_My_Conv_int_int_int_int_int_int_int_int_int_int_int_ap_fixed_ap_fixed_ap_fixed_46_phi_fu_1972_p4      |  14|          3|   16|         48|
    |ap_phi_mux_My_Conv_int_int_int_int_int_int_int_int_int_int_int_ap_fixed_ap_fixed_ap_fixed_47_phi_fu_1985_p4      |  14|          3|   16|         48|
    |ap_phi_mux_My_Conv_int_int_int_int_int_int_int_int_int_int_int_ap_fixed_ap_fixed_ap_fixed_48_phi_fu_1998_p4      |  14|          3|   16|         48|
    |ap_phi_mux_My_Conv_int_int_int_int_int_int_int_int_int_int_int_ap_fixed_ap_fixed_ap_fixed_49_phi_fu_2011_p4      |  14|          3|   16|         48|
    |ap_phi_mux_My_Conv_int_int_int_int_int_int_int_int_int_int_int_ap_fixed_ap_fixed_ap_fixed_50_phi_fu_2024_p4      |  14|          3|   16|         48|
    |ap_phi_mux_My_Conv_int_int_int_int_int_int_int_int_int_int_int_ap_fixed_ap_fixed_ap_fixed_51_phi_fu_2037_p4      |  14|          3|   16|         48|
    |ap_phi_mux_My_Conv_int_int_int_int_int_int_int_int_int_int_int_ap_fixed_ap_fixed_ap_fixed_52_phi_fu_2050_p4      |  14|          3|   16|         48|
    |ap_phi_mux_My_Conv_int_int_int_int_int_int_int_int_int_int_int_ap_fixed_ap_fixed_ap_fixed_53_phi_fu_2063_p4      |  14|          3|   16|         48|
    |ap_phi_mux_indvar_flatten382_phi_fu_1156_p6                                                                      |  14|          3|   10|         30|
    |ap_phi_mux_p_ZZ7My_ConviiiiiiiiiiiP8ap_fixedILi16ELi6EL9ap_q_mode0EL9ap_o_mode0ELi0EES3_S3_S_100_phi_fu_1868_p4  |  14|          3|   16|         48|
    |ap_phi_mux_p_ZZ7My_ConviiiiiiiiiiiP8ap_fixedILi16ELi6EL9ap_q_mode0EL9ap_o_mode0ELi0EES3_S3_S_101_phi_fu_1881_p4  |  14|          3|   16|         48|
    |ap_phi_mux_p_ZZ7My_ConviiiiiiiiiiiP8ap_fixedILi16ELi6EL9ap_q_mode0EL9ap_o_mode0ELi0EES3_S3_S_102_phi_fu_1894_p4  |  14|          3|   16|         48|
    |ap_phi_mux_p_ZZ7My_ConviiiiiiiiiiiP8ap_fixedILi16ELi6EL9ap_q_mode0EL9ap_o_mode0ELi0EES3_S3_S_103_phi_fu_1907_p4  |  14|          3|   16|         48|
    |ap_phi_mux_p_ZZ7My_ConviiiiiiiiiiiP8ap_fixedILi16ELi6EL9ap_q_mode0EL9ap_o_mode0ELi0EES3_S3_S_104_phi_fu_1920_p4  |  14|          3|   16|         48|
    |ap_phi_mux_p_ZZ7My_ConviiiiiiiiiiiP8ap_fixedILi16ELi6EL9ap_q_mode0EL9ap_o_mode0ELi0EES3_S3_S_105_phi_fu_1933_p4  |  14|          3|   16|         48|
    |ap_phi_mux_p_ZZ7My_ConviiiiiiiiiiiP8ap_fixedILi16ELi6EL9ap_q_mode0EL9ap_o_mode0ELi0EES3_S3_S_84_phi_fu_1660_p4   |  14|          3|   16|         48|
    |ap_phi_mux_p_ZZ7My_ConviiiiiiiiiiiP8ap_fixedILi16ELi6EL9ap_q_mode0EL9ap_o_mode0ELi0EES3_S3_S_85_phi_fu_1673_p4   |  14|          3|   16|         48|
    |ap_phi_mux_p_ZZ7My_ConviiiiiiiiiiiP8ap_fixedILi16ELi6EL9ap_q_mode0EL9ap_o_mode0ELi0EES3_S3_S_86_phi_fu_1686_p4   |  14|          3|   16|         48|
    |ap_phi_mux_p_ZZ7My_ConviiiiiiiiiiiP8ap_fixedILi16ELi6EL9ap_q_mode0EL9ap_o_mode0ELi0EES3_S3_S_87_phi_fu_1699_p4   |  14|          3|   16|         48|
    |ap_phi_mux_p_ZZ7My_ConviiiiiiiiiiiP8ap_fixedILi16ELi6EL9ap_q_mode0EL9ap_o_mode0ELi0EES3_S3_S_88_phi_fu_1712_p4   |  14|          3|   16|         48|
    |ap_phi_mux_p_ZZ7My_ConviiiiiiiiiiiP8ap_fixedILi16ELi6EL9ap_q_mode0EL9ap_o_mode0ELi0EES3_S3_S_89_phi_fu_1725_p4   |  14|          3|   16|         48|
    |ap_phi_mux_p_ZZ7My_ConviiiiiiiiiiiP8ap_fixedILi16ELi6EL9ap_q_mode0EL9ap_o_mode0ELi0EES3_S3_S_90_phi_fu_1738_p4   |  14|          3|   16|         48|
    |ap_phi_mux_p_ZZ7My_ConviiiiiiiiiiiP8ap_fixedILi16ELi6EL9ap_q_mode0EL9ap_o_mode0ELi0EES3_S3_S_91_phi_fu_1751_p4   |  14|          3|   16|         48|
    |ap_phi_mux_p_ZZ7My_ConviiiiiiiiiiiP8ap_fixedILi16ELi6EL9ap_q_mode0EL9ap_o_mode0ELi0EES3_S3_S_92_phi_fu_1764_p4   |  14|          3|   16|         48|
    |ap_phi_mux_p_ZZ7My_ConviiiiiiiiiiiP8ap_fixedILi16ELi6EL9ap_q_mode0EL9ap_o_mode0ELi0EES3_S3_S_93_phi_fu_1777_p4   |  14|          3|   16|         48|
    |ap_phi_mux_p_ZZ7My_ConviiiiiiiiiiiP8ap_fixedILi16ELi6EL9ap_q_mode0EL9ap_o_mode0ELi0EES3_S3_S_94_phi_fu_1790_p4   |  14|          3|   16|         48|
    |ap_phi_mux_p_ZZ7My_ConviiiiiiiiiiiP8ap_fixedILi16ELi6EL9ap_q_mode0EL9ap_o_mode0ELi0EES3_S3_S_95_phi_fu_1803_p4   |  14|          3|   16|         48|
    |ap_phi_mux_p_ZZ7My_ConviiiiiiiiiiiP8ap_fixedILi16ELi6EL9ap_q_mode0EL9ap_o_mode0ELi0EES3_S3_S_96_phi_fu_1816_p4   |  14|          3|   16|         48|
    |ap_phi_mux_p_ZZ7My_ConviiiiiiiiiiiP8ap_fixedILi16ELi6EL9ap_q_mode0EL9ap_o_mode0ELi0EES3_S3_S_97_phi_fu_1829_p4   |  14|          3|   16|         48|
    |ap_phi_mux_p_ZZ7My_ConviiiiiiiiiiiP8ap_fixedILi16ELi6EL9ap_q_mode0EL9ap_o_mode0ELi0EES3_S3_S_98_phi_fu_1842_p4   |  14|          3|   16|         48|
    |ap_phi_mux_p_ZZ7My_ConviiiiiiiiiiiP8ap_fixedILi16ELi6EL9ap_q_mode0EL9ap_o_mode0ELi0EES3_S3_S_99_phi_fu_1855_p4   |  14|          3|   16|         48|
    |c384_reg_1628                                                                                                    |   9|          2|    5|         10|
    |icmp_ln11385_reg_1614                                                                                            |   9|          2|    1|          2|
    |indvar_flatten382_reg_1152                                                                                       |   9|          2|   10|         20|
    |output_buffer_0_we1                                                                                              |   9|          2|    4|          8|
    |output_buffer_10_we1                                                                                             |   9|          2|    4|          8|
    |output_buffer_11_we1                                                                                             |   9|          2|    4|          8|
    |output_buffer_12_we1                                                                                             |   9|          2|    4|          8|
    |output_buffer_13_we1                                                                                             |   9|          2|    4|          8|
    |output_buffer_14_we1                                                                                             |   9|          2|    4|          8|
    |output_buffer_15_we1                                                                                             |   9|          2|    4|          8|
    |output_buffer_16_we1                                                                                             |   9|          2|    4|          8|
    |output_buffer_17_we1                                                                                             |   9|          2|    4|          8|
    |output_buffer_18_we1                                                                                             |   9|          2|    4|          8|
    |output_buffer_19_we1                                                                                             |   9|          2|    4|          8|
    |output_buffer_1_we1                                                                                              |   9|          2|    4|          8|
    |output_buffer_20_we1                                                                                             |   9|          2|    4|          8|
    |output_buffer_21_we1                                                                                             |   9|          2|    4|          8|
    |output_buffer_22_we1                                                                                             |   9|          2|    4|          8|
    |output_buffer_23_we1                                                                                             |   9|          2|    4|          8|
    |output_buffer_24_we1                                                                                             |   9|          2|    4|          8|
    |output_buffer_25_we1                                                                                             |   9|          2|    4|          8|
    |output_buffer_26_we1                                                                                             |   9|          2|    4|          8|
    |output_buffer_27_we1                                                                                             |   9|          2|    4|          8|
    |output_buffer_28_we1                                                                                             |   9|          2|    4|          8|
    |output_buffer_29_we1                                                                                             |   9|          2|    4|          8|
    |output_buffer_2_we1                                                                                              |   9|          2|    4|          8|
    |output_buffer_30_we1                                                                                             |   9|          2|    4|          8|
    |output_buffer_31_we1                                                                                             |   9|          2|    4|          8|
    |output_buffer_3_we1                                                                                              |   9|          2|    4|          8|
    |output_buffer_4_we1                                                                                              |   9|          2|    4|          8|
    |output_buffer_5_we1                                                                                              |   9|          2|    4|          8|
    |output_buffer_6_we1                                                                                              |   9|          2|    4|          8|
    |output_buffer_7_we1                                                                                              |   9|          2|    4|          8|
    |output_buffer_8_we1                                                                                              |   9|          2|    4|          8|
    |output_buffer_9_we1                                                                                              |   9|          2|    4|          8|
    |r383_reg_1642                                                                                                    |   9|          2|    5|         10|
    +-----------------------------------------------------------------------------------------------------------------+----+-----------+-----+-----------+
    |Total                                                                                                            | 809|        176|  673|       1869|
    +-----------------------------------------------------------------------------------------------------------------+----+-----------+-----+-----------+

    * Register: 
    +------------------------------------------------------------------------------------------------+----+----+-----+-----------+
    |                                              Name                                              | FF | LUT| Bits| Const Bits|
    +------------------------------------------------------------------------------------------------+----+----+-----+-----------+
    |My_Conv_int_int_int_int_int_int_int_int_int_int_int_ap_fixed_ap_fixed_ap_fixed_74_reg_1474      |  16|   0|   16|          0|
    |My_Conv_int_int_int_int_int_int_int_int_int_int_int_ap_fixed_ap_fixed_ap_fixed_75_reg_1488      |  16|   0|   16|          0|
    |My_Conv_int_int_int_int_int_int_int_int_int_int_int_ap_fixed_ap_fixed_ap_fixed_76_reg_1502      |  16|   0|   16|          0|
    |My_Conv_int_int_int_int_int_int_int_int_int_int_int_ap_fixed_ap_fixed_ap_fixed_77_reg_1516      |  16|   0|   16|          0|
    |My_Conv_int_int_int_int_int_int_int_int_int_int_int_ap_fixed_ap_fixed_ap_fixed_78_reg_1530      |  16|   0|   16|          0|
    |My_Conv_int_int_int_int_int_int_int_int_int_int_int_ap_fixed_ap_fixed_ap_fixed_79_reg_1544      |  16|   0|   16|          0|
    |My_Conv_int_int_int_int_int_int_int_int_int_int_int_ap_fixed_ap_fixed_ap_fixed_80_reg_1558      |  16|   0|   16|          0|
    |My_Conv_int_int_int_int_int_int_int_int_int_int_int_ap_fixed_ap_fixed_ap_fixed_81_reg_1572      |  16|   0|   16|          0|
    |My_Conv_int_int_int_int_int_int_int_int_int_int_int_ap_fixed_ap_fixed_ap_fixed_82_reg_1586      |  16|   0|   16|          0|
    |My_Conv_int_int_int_int_int_int_int_int_int_int_int_ap_fixed_ap_fixed_ap_fixed_83_reg_1600      |  16|   0|   16|          0|
    |add_ln10_1_reg_2938                                                                             |  10|   0|   10|          0|
    |ap_CS_fsm                                                                                       |   2|   0|    2|          0|
    |ap_enable_reg_pp0_iter1                                                                         |   1|   0|    1|          0|
    |c384_reg_1628                                                                                   |   5|   0|    5|          0|
    |do_init_reg_1136                                                                                |   1|   0|    1|          0|
    |icmp_ln10_reg_2943                                                                              |   1|   0|    1|          0|
    |icmp_ln11385_reg_1614                                                                           |   1|   0|    1|          0|
    |indvar_flatten382_reg_1152                                                                      |  10|   0|   10|          0|
    |p_ZZ7My_ConviiiiiiiiiiiP8ap_fixedILi16ELi6EL9ap_q_mode0EL9ap_o_mode0ELi0EES3_S3_S_150_reg_1166  |  16|   0|   16|          0|
    |p_ZZ7My_ConviiiiiiiiiiiP8ap_fixedILi16ELi6EL9ap_q_mode0EL9ap_o_mode0ELi0EES3_S3_S_151_reg_1180  |  16|   0|   16|          0|
    |p_ZZ7My_ConviiiiiiiiiiiP8ap_fixedILi16ELi6EL9ap_q_mode0EL9ap_o_mode0ELi0EES3_S3_S_152_reg_1194  |  16|   0|   16|          0|
    |p_ZZ7My_ConviiiiiiiiiiiP8ap_fixedILi16ELi6EL9ap_q_mode0EL9ap_o_mode0ELi0EES3_S3_S_153_reg_1208  |  16|   0|   16|          0|
    |p_ZZ7My_ConviiiiiiiiiiiP8ap_fixedILi16ELi6EL9ap_q_mode0EL9ap_o_mode0ELi0EES3_S3_S_154_reg_1222  |  16|   0|   16|          0|
    |p_ZZ7My_ConviiiiiiiiiiiP8ap_fixedILi16ELi6EL9ap_q_mode0EL9ap_o_mode0ELi0EES3_S3_S_155_reg_1236  |  16|   0|   16|          0|
    |p_ZZ7My_ConviiiiiiiiiiiP8ap_fixedILi16ELi6EL9ap_q_mode0EL9ap_o_mode0ELi0EES3_S3_S_156_reg_1250  |  16|   0|   16|          0|
    |p_ZZ7My_ConviiiiiiiiiiiP8ap_fixedILi16ELi6EL9ap_q_mode0EL9ap_o_mode0ELi0EES3_S3_S_157_reg_1264  |  16|   0|   16|          0|
    |p_ZZ7My_ConviiiiiiiiiiiP8ap_fixedILi16ELi6EL9ap_q_mode0EL9ap_o_mode0ELi0EES3_S3_S_158_reg_1278  |  16|   0|   16|          0|
    |p_ZZ7My_ConviiiiiiiiiiiP8ap_fixedILi16ELi6EL9ap_q_mode0EL9ap_o_mode0ELi0EES3_S3_S_159_reg_1292  |  16|   0|   16|          0|
    |p_ZZ7My_ConviiiiiiiiiiiP8ap_fixedILi16ELi6EL9ap_q_mode0EL9ap_o_mode0ELi0EES3_S3_S_160_reg_1306  |  16|   0|   16|          0|
    |p_ZZ7My_ConviiiiiiiiiiiP8ap_fixedILi16ELi6EL9ap_q_mode0EL9ap_o_mode0ELi0EES3_S3_S_161_reg_1320  |  16|   0|   16|          0|
    |p_ZZ7My_ConviiiiiiiiiiiP8ap_fixedILi16ELi6EL9ap_q_mode0EL9ap_o_mode0ELi0EES3_S3_S_162_reg_1334  |  16|   0|   16|          0|
    |p_ZZ7My_ConviiiiiiiiiiiP8ap_fixedILi16ELi6EL9ap_q_mode0EL9ap_o_mode0ELi0EES3_S3_S_163_reg_1348  |  16|   0|   16|          0|
    |p_ZZ7My_ConviiiiiiiiiiiP8ap_fixedILi16ELi6EL9ap_q_mode0EL9ap_o_mode0ELi0EES3_S3_S_164_reg_1362  |  16|   0|   16|          0|
    |p_ZZ7My_ConviiiiiiiiiiiP8ap_fixedILi16ELi6EL9ap_q_mode0EL9ap_o_mode0ELi0EES3_S3_S_165_reg_1376  |  16|   0|   16|          0|
    |p_ZZ7My_ConviiiiiiiiiiiP8ap_fixedILi16ELi6EL9ap_q_mode0EL9ap_o_mode0ELi0EES3_S3_S_166_reg_1390  |  16|   0|   16|          0|
    |p_ZZ7My_ConviiiiiiiiiiiP8ap_fixedILi16ELi6EL9ap_q_mode0EL9ap_o_mode0ELi0EES3_S3_S_167_reg_1404  |  16|   0|   16|          0|
    |p_ZZ7My_ConviiiiiiiiiiiP8ap_fixedILi16ELi6EL9ap_q_mode0EL9ap_o_mode0ELi0EES3_S3_S_168_reg_1418  |  16|   0|   16|          0|
    |p_ZZ7My_ConviiiiiiiiiiiP8ap_fixedILi16ELi6EL9ap_q_mode0EL9ap_o_mode0ELi0EES3_S3_S_169_reg_1432  |  16|   0|   16|          0|
    |p_ZZ7My_ConviiiiiiiiiiiP8ap_fixedILi16ELi6EL9ap_q_mode0EL9ap_o_mode0ELi0EES3_S3_S_170_reg_1446  |  16|   0|   16|          0|
    |p_ZZ7My_ConviiiiiiiiiiiP8ap_fixedILi16ELi6EL9ap_q_mode0EL9ap_o_mode0ELi0EES3_S3_S_171_reg_1460  |  16|   0|   16|          0|
    |r383_reg_1642                                                                                   |   5|   0|    5|          0|
    +------------------------------------------------------------------------------------------------+----+----+-----+-----------+
    |Total                                                                                           | 548|   0|  548|          0|
    +------------------------------------------------------------------------------------------------+----+----+-----+-----------+



================================================================
== Interface
================================================================
* Summary: 
+-----------------------------------------------------------------------------------------------+-----+-----+------------+--------------------------------------------------------------------------------------+--------------+
|                                           RTL Ports                                           | Dir | Bits|  Protocol  |                                     Source Object                                    |    C Type    |
+-----------------------------------------------------------------------------------------------+-----+-----+------------+--------------------------------------------------------------------------------------+--------------+
|ap_clk                                                                                         |   in|    1|  ap_ctrl_hs|                                                                           Bias2Output|  return value|
|ap_rst                                                                                         |   in|    1|  ap_ctrl_hs|                                                                           Bias2Output|  return value|
|ap_start                                                                                       |   in|    1|  ap_ctrl_hs|                                                                           Bias2Output|  return value|
|ap_done                                                                                        |  out|    1|  ap_ctrl_hs|                                                                           Bias2Output|  return value|
|ap_idle                                                                                        |  out|    1|  ap_ctrl_hs|                                                                           Bias2Output|  return value|
|ap_ready                                                                                       |  out|    1|  ap_ctrl_hs|                                                                           Bias2Output|  return value|
|output_buffer_0_address1                                                                       |  out|    9|   ap_memory|                                                                       output_buffer_0|         array|
|output_buffer_0_ce1                                                                            |  out|    1|   ap_memory|                                                                       output_buffer_0|         array|
|output_buffer_0_we1                                                                            |  out|    4|   ap_memory|                                                                       output_buffer_0|         array|
|output_buffer_0_d1                                                                             |  out|   32|   ap_memory|                                                                       output_buffer_0|         array|
|output_buffer_1_address1                                                                       |  out|    9|   ap_memory|                                                                       output_buffer_1|         array|
|output_buffer_1_ce1                                                                            |  out|    1|   ap_memory|                                                                       output_buffer_1|         array|
|output_buffer_1_we1                                                                            |  out|    4|   ap_memory|                                                                       output_buffer_1|         array|
|output_buffer_1_d1                                                                             |  out|   32|   ap_memory|                                                                       output_buffer_1|         array|
|output_buffer_2_address1                                                                       |  out|    9|   ap_memory|                                                                       output_buffer_2|         array|
|output_buffer_2_ce1                                                                            |  out|    1|   ap_memory|                                                                       output_buffer_2|         array|
|output_buffer_2_we1                                                                            |  out|    4|   ap_memory|                                                                       output_buffer_2|         array|
|output_buffer_2_d1                                                                             |  out|   32|   ap_memory|                                                                       output_buffer_2|         array|
|output_buffer_3_address1                                                                       |  out|    9|   ap_memory|                                                                       output_buffer_3|         array|
|output_buffer_3_ce1                                                                            |  out|    1|   ap_memory|                                                                       output_buffer_3|         array|
|output_buffer_3_we1                                                                            |  out|    4|   ap_memory|                                                                       output_buffer_3|         array|
|output_buffer_3_d1                                                                             |  out|   32|   ap_memory|                                                                       output_buffer_3|         array|
|output_buffer_4_address1                                                                       |  out|    9|   ap_memory|                                                                       output_buffer_4|         array|
|output_buffer_4_ce1                                                                            |  out|    1|   ap_memory|                                                                       output_buffer_4|         array|
|output_buffer_4_we1                                                                            |  out|    4|   ap_memory|                                                                       output_buffer_4|         array|
|output_buffer_4_d1                                                                             |  out|   32|   ap_memory|                                                                       output_buffer_4|         array|
|output_buffer_5_address1                                                                       |  out|    9|   ap_memory|                                                                       output_buffer_5|         array|
|output_buffer_5_ce1                                                                            |  out|    1|   ap_memory|                                                                       output_buffer_5|         array|
|output_buffer_5_we1                                                                            |  out|    4|   ap_memory|                                                                       output_buffer_5|         array|
|output_buffer_5_d1                                                                             |  out|   32|   ap_memory|                                                                       output_buffer_5|         array|
|output_buffer_6_address1                                                                       |  out|    9|   ap_memory|                                                                       output_buffer_6|         array|
|output_buffer_6_ce1                                                                            |  out|    1|   ap_memory|                                                                       output_buffer_6|         array|
|output_buffer_6_we1                                                                            |  out|    4|   ap_memory|                                                                       output_buffer_6|         array|
|output_buffer_6_d1                                                                             |  out|   32|   ap_memory|                                                                       output_buffer_6|         array|
|output_buffer_7_address1                                                                       |  out|    9|   ap_memory|                                                                       output_buffer_7|         array|
|output_buffer_7_ce1                                                                            |  out|    1|   ap_memory|                                                                       output_buffer_7|         array|
|output_buffer_7_we1                                                                            |  out|    4|   ap_memory|                                                                       output_buffer_7|         array|
|output_buffer_7_d1                                                                             |  out|   32|   ap_memory|                                                                       output_buffer_7|         array|
|output_buffer_8_address1                                                                       |  out|    9|   ap_memory|                                                                       output_buffer_8|         array|
|output_buffer_8_ce1                                                                            |  out|    1|   ap_memory|                                                                       output_buffer_8|         array|
|output_buffer_8_we1                                                                            |  out|    4|   ap_memory|                                                                       output_buffer_8|         array|
|output_buffer_8_d1                                                                             |  out|   32|   ap_memory|                                                                       output_buffer_8|         array|
|output_buffer_9_address1                                                                       |  out|    9|   ap_memory|                                                                       output_buffer_9|         array|
|output_buffer_9_ce1                                                                            |  out|    1|   ap_memory|                                                                       output_buffer_9|         array|
|output_buffer_9_we1                                                                            |  out|    4|   ap_memory|                                                                       output_buffer_9|         array|
|output_buffer_9_d1                                                                             |  out|   32|   ap_memory|                                                                       output_buffer_9|         array|
|output_buffer_10_address1                                                                      |  out|    9|   ap_memory|                                                                      output_buffer_10|         array|
|output_buffer_10_ce1                                                                           |  out|    1|   ap_memory|                                                                      output_buffer_10|         array|
|output_buffer_10_we1                                                                           |  out|    4|   ap_memory|                                                                      output_buffer_10|         array|
|output_buffer_10_d1                                                                            |  out|   32|   ap_memory|                                                                      output_buffer_10|         array|
|output_buffer_11_address1                                                                      |  out|    9|   ap_memory|                                                                      output_buffer_11|         array|
|output_buffer_11_ce1                                                                           |  out|    1|   ap_memory|                                                                      output_buffer_11|         array|
|output_buffer_11_we1                                                                           |  out|    4|   ap_memory|                                                                      output_buffer_11|         array|
|output_buffer_11_d1                                                                            |  out|   32|   ap_memory|                                                                      output_buffer_11|         array|
|output_buffer_12_address1                                                                      |  out|    9|   ap_memory|                                                                      output_buffer_12|         array|
|output_buffer_12_ce1                                                                           |  out|    1|   ap_memory|                                                                      output_buffer_12|         array|
|output_buffer_12_we1                                                                           |  out|    4|   ap_memory|                                                                      output_buffer_12|         array|
|output_buffer_12_d1                                                                            |  out|   32|   ap_memory|                                                                      output_buffer_12|         array|
|output_buffer_13_address1                                                                      |  out|    9|   ap_memory|                                                                      output_buffer_13|         array|
|output_buffer_13_ce1                                                                           |  out|    1|   ap_memory|                                                                      output_buffer_13|         array|
|output_buffer_13_we1                                                                           |  out|    4|   ap_memory|                                                                      output_buffer_13|         array|
|output_buffer_13_d1                                                                            |  out|   32|   ap_memory|                                                                      output_buffer_13|         array|
|output_buffer_14_address1                                                                      |  out|    9|   ap_memory|                                                                      output_buffer_14|         array|
|output_buffer_14_ce1                                                                           |  out|    1|   ap_memory|                                                                      output_buffer_14|         array|
|output_buffer_14_we1                                                                           |  out|    4|   ap_memory|                                                                      output_buffer_14|         array|
|output_buffer_14_d1                                                                            |  out|   32|   ap_memory|                                                                      output_buffer_14|         array|
|output_buffer_15_address1                                                                      |  out|    9|   ap_memory|                                                                      output_buffer_15|         array|
|output_buffer_15_ce1                                                                           |  out|    1|   ap_memory|                                                                      output_buffer_15|         array|
|output_buffer_15_we1                                                                           |  out|    4|   ap_memory|                                                                      output_buffer_15|         array|
|output_buffer_15_d1                                                                            |  out|   32|   ap_memory|                                                                      output_buffer_15|         array|
|output_buffer_16_address1                                                                      |  out|    9|   ap_memory|                                                                      output_buffer_16|         array|
|output_buffer_16_ce1                                                                           |  out|    1|   ap_memory|                                                                      output_buffer_16|         array|
|output_buffer_16_we1                                                                           |  out|    4|   ap_memory|                                                                      output_buffer_16|         array|
|output_buffer_16_d1                                                                            |  out|   32|   ap_memory|                                                                      output_buffer_16|         array|
|output_buffer_17_address1                                                                      |  out|    9|   ap_memory|                                                                      output_buffer_17|         array|
|output_buffer_17_ce1                                                                           |  out|    1|   ap_memory|                                                                      output_buffer_17|         array|
|output_buffer_17_we1                                                                           |  out|    4|   ap_memory|                                                                      output_buffer_17|         array|
|output_buffer_17_d1                                                                            |  out|   32|   ap_memory|                                                                      output_buffer_17|         array|
|output_buffer_18_address1                                                                      |  out|    9|   ap_memory|                                                                      output_buffer_18|         array|
|output_buffer_18_ce1                                                                           |  out|    1|   ap_memory|                                                                      output_buffer_18|         array|
|output_buffer_18_we1                                                                           |  out|    4|   ap_memory|                                                                      output_buffer_18|         array|
|output_buffer_18_d1                                                                            |  out|   32|   ap_memory|                                                                      output_buffer_18|         array|
|output_buffer_19_address1                                                                      |  out|    9|   ap_memory|                                                                      output_buffer_19|         array|
|output_buffer_19_ce1                                                                           |  out|    1|   ap_memory|                                                                      output_buffer_19|         array|
|output_buffer_19_we1                                                                           |  out|    4|   ap_memory|                                                                      output_buffer_19|         array|
|output_buffer_19_d1                                                                            |  out|   32|   ap_memory|                                                                      output_buffer_19|         array|
|output_buffer_20_address1                                                                      |  out|    9|   ap_memory|                                                                      output_buffer_20|         array|
|output_buffer_20_ce1                                                                           |  out|    1|   ap_memory|                                                                      output_buffer_20|         array|
|output_buffer_20_we1                                                                           |  out|    4|   ap_memory|                                                                      output_buffer_20|         array|
|output_buffer_20_d1                                                                            |  out|   32|   ap_memory|                                                                      output_buffer_20|         array|
|output_buffer_21_address1                                                                      |  out|    9|   ap_memory|                                                                      output_buffer_21|         array|
|output_buffer_21_ce1                                                                           |  out|    1|   ap_memory|                                                                      output_buffer_21|         array|
|output_buffer_21_we1                                                                           |  out|    4|   ap_memory|                                                                      output_buffer_21|         array|
|output_buffer_21_d1                                                                            |  out|   32|   ap_memory|                                                                      output_buffer_21|         array|
|output_buffer_22_address1                                                                      |  out|    9|   ap_memory|                                                                      output_buffer_22|         array|
|output_buffer_22_ce1                                                                           |  out|    1|   ap_memory|                                                                      output_buffer_22|         array|
|output_buffer_22_we1                                                                           |  out|    4|   ap_memory|                                                                      output_buffer_22|         array|
|output_buffer_22_d1                                                                            |  out|   32|   ap_memory|                                                                      output_buffer_22|         array|
|output_buffer_23_address1                                                                      |  out|    9|   ap_memory|                                                                      output_buffer_23|         array|
|output_buffer_23_ce1                                                                           |  out|    1|   ap_memory|                                                                      output_buffer_23|         array|
|output_buffer_23_we1                                                                           |  out|    4|   ap_memory|                                                                      output_buffer_23|         array|
|output_buffer_23_d1                                                                            |  out|   32|   ap_memory|                                                                      output_buffer_23|         array|
|output_buffer_24_address1                                                                      |  out|    9|   ap_memory|                                                                      output_buffer_24|         array|
|output_buffer_24_ce1                                                                           |  out|    1|   ap_memory|                                                                      output_buffer_24|         array|
|output_buffer_24_we1                                                                           |  out|    4|   ap_memory|                                                                      output_buffer_24|         array|
|output_buffer_24_d1                                                                            |  out|   32|   ap_memory|                                                                      output_buffer_24|         array|
|output_buffer_25_address1                                                                      |  out|    9|   ap_memory|                                                                      output_buffer_25|         array|
|output_buffer_25_ce1                                                                           |  out|    1|   ap_memory|                                                                      output_buffer_25|         array|
|output_buffer_25_we1                                                                           |  out|    4|   ap_memory|                                                                      output_buffer_25|         array|
|output_buffer_25_d1                                                                            |  out|   32|   ap_memory|                                                                      output_buffer_25|         array|
|output_buffer_26_address1                                                                      |  out|    9|   ap_memory|                                                                      output_buffer_26|         array|
|output_buffer_26_ce1                                                                           |  out|    1|   ap_memory|                                                                      output_buffer_26|         array|
|output_buffer_26_we1                                                                           |  out|    4|   ap_memory|                                                                      output_buffer_26|         array|
|output_buffer_26_d1                                                                            |  out|   32|   ap_memory|                                                                      output_buffer_26|         array|
|output_buffer_27_address1                                                                      |  out|    9|   ap_memory|                                                                      output_buffer_27|         array|
|output_buffer_27_ce1                                                                           |  out|    1|   ap_memory|                                                                      output_buffer_27|         array|
|output_buffer_27_we1                                                                           |  out|    4|   ap_memory|                                                                      output_buffer_27|         array|
|output_buffer_27_d1                                                                            |  out|   32|   ap_memory|                                                                      output_buffer_27|         array|
|output_buffer_28_address1                                                                      |  out|    9|   ap_memory|                                                                      output_buffer_28|         array|
|output_buffer_28_ce1                                                                           |  out|    1|   ap_memory|                                                                      output_buffer_28|         array|
|output_buffer_28_we1                                                                           |  out|    4|   ap_memory|                                                                      output_buffer_28|         array|
|output_buffer_28_d1                                                                            |  out|   32|   ap_memory|                                                                      output_buffer_28|         array|
|output_buffer_29_address1                                                                      |  out|    9|   ap_memory|                                                                      output_buffer_29|         array|
|output_buffer_29_ce1                                                                           |  out|    1|   ap_memory|                                                                      output_buffer_29|         array|
|output_buffer_29_we1                                                                           |  out|    4|   ap_memory|                                                                      output_buffer_29|         array|
|output_buffer_29_d1                                                                            |  out|   32|   ap_memory|                                                                      output_buffer_29|         array|
|output_buffer_30_address1                                                                      |  out|    9|   ap_memory|                                                                      output_buffer_30|         array|
|output_buffer_30_ce1                                                                           |  out|    1|   ap_memory|                                                                      output_buffer_30|         array|
|output_buffer_30_we1                                                                           |  out|    4|   ap_memory|                                                                      output_buffer_30|         array|
|output_buffer_30_d1                                                                            |  out|   32|   ap_memory|                                                                      output_buffer_30|         array|
|output_buffer_31_address1                                                                      |  out|    9|   ap_memory|                                                                      output_buffer_31|         array|
|output_buffer_31_ce1                                                                           |  out|    1|   ap_memory|                                                                      output_buffer_31|         array|
|output_buffer_31_we1                                                                           |  out|    4|   ap_memory|                                                                      output_buffer_31|         array|
|output_buffer_31_d1                                                                            |  out|   32|   ap_memory|                                                                      output_buffer_31|         array|
|Tm_Loops_now                                                                                   |   in|    5|     ap_none|                                                                          Tm_Loops_now|        scalar|
|My_Conv_int_int_int_int_int_int_int_int_int_int_int_ap_fixed_ap_fixed_ap_fixed_33_address0     |  out|    5|   ap_memory|     My_Conv_int_int_int_int_int_int_int_int_int_int_int_ap_fixed_ap_fixed_ap_fixed_33|         array|
|My_Conv_int_int_int_int_int_int_int_int_int_int_int_ap_fixed_ap_fixed_ap_fixed_33_ce0          |  out|    1|   ap_memory|     My_Conv_int_int_int_int_int_int_int_int_int_int_int_ap_fixed_ap_fixed_ap_fixed_33|         array|
|My_Conv_int_int_int_int_int_int_int_int_int_int_int_ap_fixed_ap_fixed_ap_fixed_33_q0           |   in|   16|   ap_memory|     My_Conv_int_int_int_int_int_int_int_int_int_int_int_ap_fixed_ap_fixed_ap_fixed_33|         array|
|My_Conv_int_int_int_int_int_int_int_int_int_int_int_ap_fixed_ap_fixed_ap_fixed_32_address0     |  out|    5|   ap_memory|     My_Conv_int_int_int_int_int_int_int_int_int_int_int_ap_fixed_ap_fixed_ap_fixed_32|         array|
|My_Conv_int_int_int_int_int_int_int_int_int_int_int_ap_fixed_ap_fixed_ap_fixed_32_ce0          |  out|    1|   ap_memory|     My_Conv_int_int_int_int_int_int_int_int_int_int_int_ap_fixed_ap_fixed_ap_fixed_32|         array|
|My_Conv_int_int_int_int_int_int_int_int_int_int_int_ap_fixed_ap_fixed_ap_fixed_32_q0           |   in|   16|   ap_memory|     My_Conv_int_int_int_int_int_int_int_int_int_int_int_ap_fixed_ap_fixed_ap_fixed_32|         array|
|My_Conv_int_int_int_int_int_int_int_int_int_int_int_ap_fixed_ap_fixed_ap_fixed_31_address0     |  out|    5|   ap_memory|     My_Conv_int_int_int_int_int_int_int_int_int_int_int_ap_fixed_ap_fixed_ap_fixed_31|         array|
|My_Conv_int_int_int_int_int_int_int_int_int_int_int_ap_fixed_ap_fixed_ap_fixed_31_ce0          |  out|    1|   ap_memory|     My_Conv_int_int_int_int_int_int_int_int_int_int_int_ap_fixed_ap_fixed_ap_fixed_31|         array|
|My_Conv_int_int_int_int_int_int_int_int_int_int_int_ap_fixed_ap_fixed_ap_fixed_31_q0           |   in|   16|   ap_memory|     My_Conv_int_int_int_int_int_int_int_int_int_int_int_ap_fixed_ap_fixed_ap_fixed_31|         array|
|My_Conv_int_int_int_int_int_int_int_int_int_int_int_ap_fixed_ap_fixed_ap_fixed_30_address0     |  out|    5|   ap_memory|     My_Conv_int_int_int_int_int_int_int_int_int_int_int_ap_fixed_ap_fixed_ap_fixed_30|         array|
|My_Conv_int_int_int_int_int_int_int_int_int_int_int_ap_fixed_ap_fixed_ap_fixed_30_ce0          |  out|    1|   ap_memory|     My_Conv_int_int_int_int_int_int_int_int_int_int_int_ap_fixed_ap_fixed_ap_fixed_30|         array|
|My_Conv_int_int_int_int_int_int_int_int_int_int_int_ap_fixed_ap_fixed_ap_fixed_30_q0           |   in|   16|   ap_memory|     My_Conv_int_int_int_int_int_int_int_int_int_int_int_ap_fixed_ap_fixed_ap_fixed_30|         array|
|My_Conv_int_int_int_int_int_int_int_int_int_int_int_ap_fixed_ap_fixed_ap_fixed_29_address0     |  out|    5|   ap_memory|     My_Conv_int_int_int_int_int_int_int_int_int_int_int_ap_fixed_ap_fixed_ap_fixed_29|         array|
|My_Conv_int_int_int_int_int_int_int_int_int_int_int_ap_fixed_ap_fixed_ap_fixed_29_ce0          |  out|    1|   ap_memory|     My_Conv_int_int_int_int_int_int_int_int_int_int_int_ap_fixed_ap_fixed_ap_fixed_29|         array|
|My_Conv_int_int_int_int_int_int_int_int_int_int_int_ap_fixed_ap_fixed_ap_fixed_29_q0           |   in|   16|   ap_memory|     My_Conv_int_int_int_int_int_int_int_int_int_int_int_ap_fixed_ap_fixed_ap_fixed_29|         array|
|My_Conv_int_int_int_int_int_int_int_int_int_int_int_ap_fixed_ap_fixed_ap_fixed_28_address0     |  out|    5|   ap_memory|     My_Conv_int_int_int_int_int_int_int_int_int_int_int_ap_fixed_ap_fixed_ap_fixed_28|         array|
|My_Conv_int_int_int_int_int_int_int_int_int_int_int_ap_fixed_ap_fixed_ap_fixed_28_ce0          |  out|    1|   ap_memory|     My_Conv_int_int_int_int_int_int_int_int_int_int_int_ap_fixed_ap_fixed_ap_fixed_28|         array|
|My_Conv_int_int_int_int_int_int_int_int_int_int_int_ap_fixed_ap_fixed_ap_fixed_28_q0           |   in|   16|   ap_memory|     My_Conv_int_int_int_int_int_int_int_int_int_int_int_ap_fixed_ap_fixed_ap_fixed_28|         array|
|My_Conv_int_int_int_int_int_int_int_int_int_int_int_ap_fixed_ap_fixed_ap_fixed_27_address0     |  out|    5|   ap_memory|     My_Conv_int_int_int_int_int_int_int_int_int_int_int_ap_fixed_ap_fixed_ap_fixed_27|         array|
|My_Conv_int_int_int_int_int_int_int_int_int_int_int_ap_fixed_ap_fixed_ap_fixed_27_ce0          |  out|    1|   ap_memory|     My_Conv_int_int_int_int_int_int_int_int_int_int_int_ap_fixed_ap_fixed_ap_fixed_27|         array|
|My_Conv_int_int_int_int_int_int_int_int_int_int_int_ap_fixed_ap_fixed_ap_fixed_27_q0           |   in|   16|   ap_memory|     My_Conv_int_int_int_int_int_int_int_int_int_int_int_ap_fixed_ap_fixed_ap_fixed_27|         array|
|My_Conv_int_int_int_int_int_int_int_int_int_int_int_ap_fixed_ap_fixed_ap_fixed_26_address0     |  out|    5|   ap_memory|     My_Conv_int_int_int_int_int_int_int_int_int_int_int_ap_fixed_ap_fixed_ap_fixed_26|         array|
|My_Conv_int_int_int_int_int_int_int_int_int_int_int_ap_fixed_ap_fixed_ap_fixed_26_ce0          |  out|    1|   ap_memory|     My_Conv_int_int_int_int_int_int_int_int_int_int_int_ap_fixed_ap_fixed_ap_fixed_26|         array|
|My_Conv_int_int_int_int_int_int_int_int_int_int_int_ap_fixed_ap_fixed_ap_fixed_26_q0           |   in|   16|   ap_memory|     My_Conv_int_int_int_int_int_int_int_int_int_int_int_ap_fixed_ap_fixed_ap_fixed_26|         array|
|My_Conv_int_int_int_int_int_int_int_int_int_int_int_ap_fixed_ap_fixed_ap_fixed_25_address0     |  out|    5|   ap_memory|     My_Conv_int_int_int_int_int_int_int_int_int_int_int_ap_fixed_ap_fixed_ap_fixed_25|         array|
|My_Conv_int_int_int_int_int_int_int_int_int_int_int_ap_fixed_ap_fixed_ap_fixed_25_ce0          |  out|    1|   ap_memory|     My_Conv_int_int_int_int_int_int_int_int_int_int_int_ap_fixed_ap_fixed_ap_fixed_25|         array|
|My_Conv_int_int_int_int_int_int_int_int_int_int_int_ap_fixed_ap_fixed_ap_fixed_25_q0           |   in|   16|   ap_memory|     My_Conv_int_int_int_int_int_int_int_int_int_int_int_ap_fixed_ap_fixed_ap_fixed_25|         array|
|My_Conv_int_int_int_int_int_int_int_int_int_int_int_ap_fixed_ap_fixed_ap_fixed_24_address0     |  out|    5|   ap_memory|     My_Conv_int_int_int_int_int_int_int_int_int_int_int_ap_fixed_ap_fixed_ap_fixed_24|         array|
|My_Conv_int_int_int_int_int_int_int_int_int_int_int_ap_fixed_ap_fixed_ap_fixed_24_ce0          |  out|    1|   ap_memory|     My_Conv_int_int_int_int_int_int_int_int_int_int_int_ap_fixed_ap_fixed_ap_fixed_24|         array|
|My_Conv_int_int_int_int_int_int_int_int_int_int_int_ap_fixed_ap_fixed_ap_fixed_24_q0           |   in|   16|   ap_memory|     My_Conv_int_int_int_int_int_int_int_int_int_int_int_ap_fixed_ap_fixed_ap_fixed_24|         array|
|p_ZZ7My_ConviiiiiiiiiiiP8ap_fixedILi16ELi6EL9ap_q_mode0EL9ap_o_mode0ELi0EES3_S3_S_61_address0  |  out|    5|   ap_memory|  p_ZZ7My_ConviiiiiiiiiiiP8ap_fixedILi16ELi6EL9ap_q_mode0EL9ap_o_mode0ELi0EES3_S3_S_61|         array|
|p_ZZ7My_ConviiiiiiiiiiiP8ap_fixedILi16ELi6EL9ap_q_mode0EL9ap_o_mode0ELi0EES3_S3_S_61_ce0       |  out|    1|   ap_memory|  p_ZZ7My_ConviiiiiiiiiiiP8ap_fixedILi16ELi6EL9ap_q_mode0EL9ap_o_mode0ELi0EES3_S3_S_61|         array|
|p_ZZ7My_ConviiiiiiiiiiiP8ap_fixedILi16ELi6EL9ap_q_mode0EL9ap_o_mode0ELi0EES3_S3_S_61_q0        |   in|   16|   ap_memory|  p_ZZ7My_ConviiiiiiiiiiiP8ap_fixedILi16ELi6EL9ap_q_mode0EL9ap_o_mode0ELi0EES3_S3_S_61|         array|
|p_ZZ7My_ConviiiiiiiiiiiP8ap_fixedILi16ELi6EL9ap_q_mode0EL9ap_o_mode0ELi0EES3_S3_S_60_address0  |  out|    5|   ap_memory|  p_ZZ7My_ConviiiiiiiiiiiP8ap_fixedILi16ELi6EL9ap_q_mode0EL9ap_o_mode0ELi0EES3_S3_S_60|         array|
|p_ZZ7My_ConviiiiiiiiiiiP8ap_fixedILi16ELi6EL9ap_q_mode0EL9ap_o_mode0ELi0EES3_S3_S_60_ce0       |  out|    1|   ap_memory|  p_ZZ7My_ConviiiiiiiiiiiP8ap_fixedILi16ELi6EL9ap_q_mode0EL9ap_o_mode0ELi0EES3_S3_S_60|         array|
|p_ZZ7My_ConviiiiiiiiiiiP8ap_fixedILi16ELi6EL9ap_q_mode0EL9ap_o_mode0ELi0EES3_S3_S_60_q0        |   in|   16|   ap_memory|  p_ZZ7My_ConviiiiiiiiiiiP8ap_fixedILi16ELi6EL9ap_q_mode0EL9ap_o_mode0ELi0EES3_S3_S_60|         array|
|p_ZZ7My_ConviiiiiiiiiiiP8ap_fixedILi16ELi6EL9ap_q_mode0EL9ap_o_mode0ELi0EES3_S3_S_59_address0  |  out|    5|   ap_memory|  p_ZZ7My_ConviiiiiiiiiiiP8ap_fixedILi16ELi6EL9ap_q_mode0EL9ap_o_mode0ELi0EES3_S3_S_59|         array|
|p_ZZ7My_ConviiiiiiiiiiiP8ap_fixedILi16ELi6EL9ap_q_mode0EL9ap_o_mode0ELi0EES3_S3_S_59_ce0       |  out|    1|   ap_memory|  p_ZZ7My_ConviiiiiiiiiiiP8ap_fixedILi16ELi6EL9ap_q_mode0EL9ap_o_mode0ELi0EES3_S3_S_59|         array|
|p_ZZ7My_ConviiiiiiiiiiiP8ap_fixedILi16ELi6EL9ap_q_mode0EL9ap_o_mode0ELi0EES3_S3_S_59_q0        |   in|   16|   ap_memory|  p_ZZ7My_ConviiiiiiiiiiiP8ap_fixedILi16ELi6EL9ap_q_mode0EL9ap_o_mode0ELi0EES3_S3_S_59|         array|
|p_ZZ7My_ConviiiiiiiiiiiP8ap_fixedILi16ELi6EL9ap_q_mode0EL9ap_o_mode0ELi0EES3_S3_S_58_address0  |  out|    5|   ap_memory|  p_ZZ7My_ConviiiiiiiiiiiP8ap_fixedILi16ELi6EL9ap_q_mode0EL9ap_o_mode0ELi0EES3_S3_S_58|         array|
|p_ZZ7My_ConviiiiiiiiiiiP8ap_fixedILi16ELi6EL9ap_q_mode0EL9ap_o_mode0ELi0EES3_S3_S_58_ce0       |  out|    1|   ap_memory|  p_ZZ7My_ConviiiiiiiiiiiP8ap_fixedILi16ELi6EL9ap_q_mode0EL9ap_o_mode0ELi0EES3_S3_S_58|         array|
|p_ZZ7My_ConviiiiiiiiiiiP8ap_fixedILi16ELi6EL9ap_q_mode0EL9ap_o_mode0ELi0EES3_S3_S_58_q0        |   in|   16|   ap_memory|  p_ZZ7My_ConviiiiiiiiiiiP8ap_fixedILi16ELi6EL9ap_q_mode0EL9ap_o_mode0ELi0EES3_S3_S_58|         array|
|p_ZZ7My_ConviiiiiiiiiiiP8ap_fixedILi16ELi6EL9ap_q_mode0EL9ap_o_mode0ELi0EES3_S3_S_57_address0  |  out|    5|   ap_memory|  p_ZZ7My_ConviiiiiiiiiiiP8ap_fixedILi16ELi6EL9ap_q_mode0EL9ap_o_mode0ELi0EES3_S3_S_57|         array|
|p_ZZ7My_ConviiiiiiiiiiiP8ap_fixedILi16ELi6EL9ap_q_mode0EL9ap_o_mode0ELi0EES3_S3_S_57_ce0       |  out|    1|   ap_memory|  p_ZZ7My_ConviiiiiiiiiiiP8ap_fixedILi16ELi6EL9ap_q_mode0EL9ap_o_mode0ELi0EES3_S3_S_57|         array|
|p_ZZ7My_ConviiiiiiiiiiiP8ap_fixedILi16ELi6EL9ap_q_mode0EL9ap_o_mode0ELi0EES3_S3_S_57_q0        |   in|   16|   ap_memory|  p_ZZ7My_ConviiiiiiiiiiiP8ap_fixedILi16ELi6EL9ap_q_mode0EL9ap_o_mode0ELi0EES3_S3_S_57|         array|
|p_ZZ7My_ConviiiiiiiiiiiP8ap_fixedILi16ELi6EL9ap_q_mode0EL9ap_o_mode0ELi0EES3_S3_S_56_address0  |  out|    5|   ap_memory|  p_ZZ7My_ConviiiiiiiiiiiP8ap_fixedILi16ELi6EL9ap_q_mode0EL9ap_o_mode0ELi0EES3_S3_S_56|         array|
|p_ZZ7My_ConviiiiiiiiiiiP8ap_fixedILi16ELi6EL9ap_q_mode0EL9ap_o_mode0ELi0EES3_S3_S_56_ce0       |  out|    1|   ap_memory|  p_ZZ7My_ConviiiiiiiiiiiP8ap_fixedILi16ELi6EL9ap_q_mode0EL9ap_o_mode0ELi0EES3_S3_S_56|         array|
|p_ZZ7My_ConviiiiiiiiiiiP8ap_fixedILi16ELi6EL9ap_q_mode0EL9ap_o_mode0ELi0EES3_S3_S_56_q0        |   in|   16|   ap_memory|  p_ZZ7My_ConviiiiiiiiiiiP8ap_fixedILi16ELi6EL9ap_q_mode0EL9ap_o_mode0ELi0EES3_S3_S_56|         array|
|p_ZZ7My_ConviiiiiiiiiiiP8ap_fixedILi16ELi6EL9ap_q_mode0EL9ap_o_mode0ELi0EES3_S3_S_55_address0  |  out|    5|   ap_memory|  p_ZZ7My_ConviiiiiiiiiiiP8ap_fixedILi16ELi6EL9ap_q_mode0EL9ap_o_mode0ELi0EES3_S3_S_55|         array|
|p_ZZ7My_ConviiiiiiiiiiiP8ap_fixedILi16ELi6EL9ap_q_mode0EL9ap_o_mode0ELi0EES3_S3_S_55_ce0       |  out|    1|   ap_memory|  p_ZZ7My_ConviiiiiiiiiiiP8ap_fixedILi16ELi6EL9ap_q_mode0EL9ap_o_mode0ELi0EES3_S3_S_55|         array|
|p_ZZ7My_ConviiiiiiiiiiiP8ap_fixedILi16ELi6EL9ap_q_mode0EL9ap_o_mode0ELi0EES3_S3_S_55_q0        |   in|   16|   ap_memory|  p_ZZ7My_ConviiiiiiiiiiiP8ap_fixedILi16ELi6EL9ap_q_mode0EL9ap_o_mode0ELi0EES3_S3_S_55|         array|
|p_ZZ7My_ConviiiiiiiiiiiP8ap_fixedILi16ELi6EL9ap_q_mode0EL9ap_o_mode0ELi0EES3_S3_S_54_address0  |  out|    5|   ap_memory|  p_ZZ7My_ConviiiiiiiiiiiP8ap_fixedILi16ELi6EL9ap_q_mode0EL9ap_o_mode0ELi0EES3_S3_S_54|         array|
|p_ZZ7My_ConviiiiiiiiiiiP8ap_fixedILi16ELi6EL9ap_q_mode0EL9ap_o_mode0ELi0EES3_S3_S_54_ce0       |  out|    1|   ap_memory|  p_ZZ7My_ConviiiiiiiiiiiP8ap_fixedILi16ELi6EL9ap_q_mode0EL9ap_o_mode0ELi0EES3_S3_S_54|         array|
|p_ZZ7My_ConviiiiiiiiiiiP8ap_fixedILi16ELi6EL9ap_q_mode0EL9ap_o_mode0ELi0EES3_S3_S_54_q0        |   in|   16|   ap_memory|  p_ZZ7My_ConviiiiiiiiiiiP8ap_fixedILi16ELi6EL9ap_q_mode0EL9ap_o_mode0ELi0EES3_S3_S_54|         array|
|p_ZZ7My_ConviiiiiiiiiiiP8ap_fixedILi16ELi6EL9ap_q_mode0EL9ap_o_mode0ELi0EES3_S3_S_53_address0  |  out|    5|   ap_memory|  p_ZZ7My_ConviiiiiiiiiiiP8ap_fixedILi16ELi6EL9ap_q_mode0EL9ap_o_mode0ELi0EES3_S3_S_53|         array|
|p_ZZ7My_ConviiiiiiiiiiiP8ap_fixedILi16ELi6EL9ap_q_mode0EL9ap_o_mode0ELi0EES3_S3_S_53_ce0       |  out|    1|   ap_memory|  p_ZZ7My_ConviiiiiiiiiiiP8ap_fixedILi16ELi6EL9ap_q_mode0EL9ap_o_mode0ELi0EES3_S3_S_53|         array|
|p_ZZ7My_ConviiiiiiiiiiiP8ap_fixedILi16ELi6EL9ap_q_mode0EL9ap_o_mode0ELi0EES3_S3_S_53_q0        |   in|   16|   ap_memory|  p_ZZ7My_ConviiiiiiiiiiiP8ap_fixedILi16ELi6EL9ap_q_mode0EL9ap_o_mode0ELi0EES3_S3_S_53|         array|
|p_ZZ7My_ConviiiiiiiiiiiP8ap_fixedILi16ELi6EL9ap_q_mode0EL9ap_o_mode0ELi0EES3_S3_S_52_address0  |  out|    5|   ap_memory|  p_ZZ7My_ConviiiiiiiiiiiP8ap_fixedILi16ELi6EL9ap_q_mode0EL9ap_o_mode0ELi0EES3_S3_S_52|         array|
|p_ZZ7My_ConviiiiiiiiiiiP8ap_fixedILi16ELi6EL9ap_q_mode0EL9ap_o_mode0ELi0EES3_S3_S_52_ce0       |  out|    1|   ap_memory|  p_ZZ7My_ConviiiiiiiiiiiP8ap_fixedILi16ELi6EL9ap_q_mode0EL9ap_o_mode0ELi0EES3_S3_S_52|         array|
|p_ZZ7My_ConviiiiiiiiiiiP8ap_fixedILi16ELi6EL9ap_q_mode0EL9ap_o_mode0ELi0EES3_S3_S_52_q0        |   in|   16|   ap_memory|  p_ZZ7My_ConviiiiiiiiiiiP8ap_fixedILi16ELi6EL9ap_q_mode0EL9ap_o_mode0ELi0EES3_S3_S_52|         array|
|p_ZZ7My_ConviiiiiiiiiiiP8ap_fixedILi16ELi6EL9ap_q_mode0EL9ap_o_mode0ELi0EES3_S3_S_51_address0  |  out|    5|   ap_memory|  p_ZZ7My_ConviiiiiiiiiiiP8ap_fixedILi16ELi6EL9ap_q_mode0EL9ap_o_mode0ELi0EES3_S3_S_51|         array|
|p_ZZ7My_ConviiiiiiiiiiiP8ap_fixedILi16ELi6EL9ap_q_mode0EL9ap_o_mode0ELi0EES3_S3_S_51_ce0       |  out|    1|   ap_memory|  p_ZZ7My_ConviiiiiiiiiiiP8ap_fixedILi16ELi6EL9ap_q_mode0EL9ap_o_mode0ELi0EES3_S3_S_51|         array|
|p_ZZ7My_ConviiiiiiiiiiiP8ap_fixedILi16ELi6EL9ap_q_mode0EL9ap_o_mode0ELi0EES3_S3_S_51_q0        |   in|   16|   ap_memory|  p_ZZ7My_ConviiiiiiiiiiiP8ap_fixedILi16ELi6EL9ap_q_mode0EL9ap_o_mode0ELi0EES3_S3_S_51|         array|
|p_ZZ7My_ConviiiiiiiiiiiP8ap_fixedILi16ELi6EL9ap_q_mode0EL9ap_o_mode0ELi0EES3_S3_S_50_address0  |  out|    5|   ap_memory|  p_ZZ7My_ConviiiiiiiiiiiP8ap_fixedILi16ELi6EL9ap_q_mode0EL9ap_o_mode0ELi0EES3_S3_S_50|         array|
|p_ZZ7My_ConviiiiiiiiiiiP8ap_fixedILi16ELi6EL9ap_q_mode0EL9ap_o_mode0ELi0EES3_S3_S_50_ce0       |  out|    1|   ap_memory|  p_ZZ7My_ConviiiiiiiiiiiP8ap_fixedILi16ELi6EL9ap_q_mode0EL9ap_o_mode0ELi0EES3_S3_S_50|         array|
|p_ZZ7My_ConviiiiiiiiiiiP8ap_fixedILi16ELi6EL9ap_q_mode0EL9ap_o_mode0ELi0EES3_S3_S_50_q0        |   in|   16|   ap_memory|  p_ZZ7My_ConviiiiiiiiiiiP8ap_fixedILi16ELi6EL9ap_q_mode0EL9ap_o_mode0ELi0EES3_S3_S_50|         array|
|p_ZZ7My_ConviiiiiiiiiiiP8ap_fixedILi16ELi6EL9ap_q_mode0EL9ap_o_mode0ELi0EES3_S3_S_49_address0  |  out|    5|   ap_memory|  p_ZZ7My_ConviiiiiiiiiiiP8ap_fixedILi16ELi6EL9ap_q_mode0EL9ap_o_mode0ELi0EES3_S3_S_49|         array|
|p_ZZ7My_ConviiiiiiiiiiiP8ap_fixedILi16ELi6EL9ap_q_mode0EL9ap_o_mode0ELi0EES3_S3_S_49_ce0       |  out|    1|   ap_memory|  p_ZZ7My_ConviiiiiiiiiiiP8ap_fixedILi16ELi6EL9ap_q_mode0EL9ap_o_mode0ELi0EES3_S3_S_49|         array|
|p_ZZ7My_ConviiiiiiiiiiiP8ap_fixedILi16ELi6EL9ap_q_mode0EL9ap_o_mode0ELi0EES3_S3_S_49_q0        |   in|   16|   ap_memory|  p_ZZ7My_ConviiiiiiiiiiiP8ap_fixedILi16ELi6EL9ap_q_mode0EL9ap_o_mode0ELi0EES3_S3_S_49|         array|
|p_ZZ7My_ConviiiiiiiiiiiP8ap_fixedILi16ELi6EL9ap_q_mode0EL9ap_o_mode0ELi0EES3_S3_S_48_address0  |  out|    5|   ap_memory|  p_ZZ7My_ConviiiiiiiiiiiP8ap_fixedILi16ELi6EL9ap_q_mode0EL9ap_o_mode0ELi0EES3_S3_S_48|         array|
|p_ZZ7My_ConviiiiiiiiiiiP8ap_fixedILi16ELi6EL9ap_q_mode0EL9ap_o_mode0ELi0EES3_S3_S_48_ce0       |  out|    1|   ap_memory|  p_ZZ7My_ConviiiiiiiiiiiP8ap_fixedILi16ELi6EL9ap_q_mode0EL9ap_o_mode0ELi0EES3_S3_S_48|         array|
|p_ZZ7My_ConviiiiiiiiiiiP8ap_fixedILi16ELi6EL9ap_q_mode0EL9ap_o_mode0ELi0EES3_S3_S_48_q0        |   in|   16|   ap_memory|  p_ZZ7My_ConviiiiiiiiiiiP8ap_fixedILi16ELi6EL9ap_q_mode0EL9ap_o_mode0ELi0EES3_S3_S_48|         array|
|p_ZZ7My_ConviiiiiiiiiiiP8ap_fixedILi16ELi6EL9ap_q_mode0EL9ap_o_mode0ELi0EES3_S3_S_47_address0  |  out|    5|   ap_memory|  p_ZZ7My_ConviiiiiiiiiiiP8ap_fixedILi16ELi6EL9ap_q_mode0EL9ap_o_mode0ELi0EES3_S3_S_47|         array|
|p_ZZ7My_ConviiiiiiiiiiiP8ap_fixedILi16ELi6EL9ap_q_mode0EL9ap_o_mode0ELi0EES3_S3_S_47_ce0       |  out|    1|   ap_memory|  p_ZZ7My_ConviiiiiiiiiiiP8ap_fixedILi16ELi6EL9ap_q_mode0EL9ap_o_mode0ELi0EES3_S3_S_47|         array|
|p_ZZ7My_ConviiiiiiiiiiiP8ap_fixedILi16ELi6EL9ap_q_mode0EL9ap_o_mode0ELi0EES3_S3_S_47_q0        |   in|   16|   ap_memory|  p_ZZ7My_ConviiiiiiiiiiiP8ap_fixedILi16ELi6EL9ap_q_mode0EL9ap_o_mode0ELi0EES3_S3_S_47|         array|
|p_ZZ7My_ConviiiiiiiiiiiP8ap_fixedILi16ELi6EL9ap_q_mode0EL9ap_o_mode0ELi0EES3_S3_S_46_address0  |  out|    5|   ap_memory|  p_ZZ7My_ConviiiiiiiiiiiP8ap_fixedILi16ELi6EL9ap_q_mode0EL9ap_o_mode0ELi0EES3_S3_S_46|         array|
|p_ZZ7My_ConviiiiiiiiiiiP8ap_fixedILi16ELi6EL9ap_q_mode0EL9ap_o_mode0ELi0EES3_S3_S_46_ce0       |  out|    1|   ap_memory|  p_ZZ7My_ConviiiiiiiiiiiP8ap_fixedILi16ELi6EL9ap_q_mode0EL9ap_o_mode0ELi0EES3_S3_S_46|         array|
|p_ZZ7My_ConviiiiiiiiiiiP8ap_fixedILi16ELi6EL9ap_q_mode0EL9ap_o_mode0ELi0EES3_S3_S_46_q0        |   in|   16|   ap_memory|  p_ZZ7My_ConviiiiiiiiiiiP8ap_fixedILi16ELi6EL9ap_q_mode0EL9ap_o_mode0ELi0EES3_S3_S_46|         array|
|p_ZZ7My_ConviiiiiiiiiiiP8ap_fixedILi16ELi6EL9ap_q_mode0EL9ap_o_mode0ELi0EES3_S3_S_45_address0  |  out|    5|   ap_memory|  p_ZZ7My_ConviiiiiiiiiiiP8ap_fixedILi16ELi6EL9ap_q_mode0EL9ap_o_mode0ELi0EES3_S3_S_45|         array|
|p_ZZ7My_ConviiiiiiiiiiiP8ap_fixedILi16ELi6EL9ap_q_mode0EL9ap_o_mode0ELi0EES3_S3_S_45_ce0       |  out|    1|   ap_memory|  p_ZZ7My_ConviiiiiiiiiiiP8ap_fixedILi16ELi6EL9ap_q_mode0EL9ap_o_mode0ELi0EES3_S3_S_45|         array|
|p_ZZ7My_ConviiiiiiiiiiiP8ap_fixedILi16ELi6EL9ap_q_mode0EL9ap_o_mode0ELi0EES3_S3_S_45_q0        |   in|   16|   ap_memory|  p_ZZ7My_ConviiiiiiiiiiiP8ap_fixedILi16ELi6EL9ap_q_mode0EL9ap_o_mode0ELi0EES3_S3_S_45|         array|
|p_ZZ7My_ConviiiiiiiiiiiP8ap_fixedILi16ELi6EL9ap_q_mode0EL9ap_o_mode0ELi0EES3_S3_S_44_address0  |  out|    5|   ap_memory|  p_ZZ7My_ConviiiiiiiiiiiP8ap_fixedILi16ELi6EL9ap_q_mode0EL9ap_o_mode0ELi0EES3_S3_S_44|         array|
|p_ZZ7My_ConviiiiiiiiiiiP8ap_fixedILi16ELi6EL9ap_q_mode0EL9ap_o_mode0ELi0EES3_S3_S_44_ce0       |  out|    1|   ap_memory|  p_ZZ7My_ConviiiiiiiiiiiP8ap_fixedILi16ELi6EL9ap_q_mode0EL9ap_o_mode0ELi0EES3_S3_S_44|         array|
|p_ZZ7My_ConviiiiiiiiiiiP8ap_fixedILi16ELi6EL9ap_q_mode0EL9ap_o_mode0ELi0EES3_S3_S_44_q0        |   in|   16|   ap_memory|  p_ZZ7My_ConviiiiiiiiiiiP8ap_fixedILi16ELi6EL9ap_q_mode0EL9ap_o_mode0ELi0EES3_S3_S_44|         array|
|p_ZZ7My_ConviiiiiiiiiiiP8ap_fixedILi16ELi6EL9ap_q_mode0EL9ap_o_mode0ELi0EES3_S3_S_43_address0  |  out|    5|   ap_memory|  p_ZZ7My_ConviiiiiiiiiiiP8ap_fixedILi16ELi6EL9ap_q_mode0EL9ap_o_mode0ELi0EES3_S3_S_43|         array|
|p_ZZ7My_ConviiiiiiiiiiiP8ap_fixedILi16ELi6EL9ap_q_mode0EL9ap_o_mode0ELi0EES3_S3_S_43_ce0       |  out|    1|   ap_memory|  p_ZZ7My_ConviiiiiiiiiiiP8ap_fixedILi16ELi6EL9ap_q_mode0EL9ap_o_mode0ELi0EES3_S3_S_43|         array|
|p_ZZ7My_ConviiiiiiiiiiiP8ap_fixedILi16ELi6EL9ap_q_mode0EL9ap_o_mode0ELi0EES3_S3_S_43_q0        |   in|   16|   ap_memory|  p_ZZ7My_ConviiiiiiiiiiiP8ap_fixedILi16ELi6EL9ap_q_mode0EL9ap_o_mode0ELi0EES3_S3_S_43|         array|
|p_ZZ7My_ConviiiiiiiiiiiP8ap_fixedILi16ELi6EL9ap_q_mode0EL9ap_o_mode0ELi0EES3_S3_S_42_address0  |  out|    5|   ap_memory|  p_ZZ7My_ConviiiiiiiiiiiP8ap_fixedILi16ELi6EL9ap_q_mode0EL9ap_o_mode0ELi0EES3_S3_S_42|         array|
|p_ZZ7My_ConviiiiiiiiiiiP8ap_fixedILi16ELi6EL9ap_q_mode0EL9ap_o_mode0ELi0EES3_S3_S_42_ce0       |  out|    1|   ap_memory|  p_ZZ7My_ConviiiiiiiiiiiP8ap_fixedILi16ELi6EL9ap_q_mode0EL9ap_o_mode0ELi0EES3_S3_S_42|         array|
|p_ZZ7My_ConviiiiiiiiiiiP8ap_fixedILi16ELi6EL9ap_q_mode0EL9ap_o_mode0ELi0EES3_S3_S_42_q0        |   in|   16|   ap_memory|  p_ZZ7My_ConviiiiiiiiiiiP8ap_fixedILi16ELi6EL9ap_q_mode0EL9ap_o_mode0ELi0EES3_S3_S_42|         array|
|p_ZZ7My_ConviiiiiiiiiiiP8ap_fixedILi16ELi6EL9ap_q_mode0EL9ap_o_mode0ELi0EES3_S3_S_41_address0  |  out|    5|   ap_memory|  p_ZZ7My_ConviiiiiiiiiiiP8ap_fixedILi16ELi6EL9ap_q_mode0EL9ap_o_mode0ELi0EES3_S3_S_41|         array|
|p_ZZ7My_ConviiiiiiiiiiiP8ap_fixedILi16ELi6EL9ap_q_mode0EL9ap_o_mode0ELi0EES3_S3_S_41_ce0       |  out|    1|   ap_memory|  p_ZZ7My_ConviiiiiiiiiiiP8ap_fixedILi16ELi6EL9ap_q_mode0EL9ap_o_mode0ELi0EES3_S3_S_41|         array|
|p_ZZ7My_ConviiiiiiiiiiiP8ap_fixedILi16ELi6EL9ap_q_mode0EL9ap_o_mode0ELi0EES3_S3_S_41_q0        |   in|   16|   ap_memory|  p_ZZ7My_ConviiiiiiiiiiiP8ap_fixedILi16ELi6EL9ap_q_mode0EL9ap_o_mode0ELi0EES3_S3_S_41|         array|
|p_ZZ7My_ConviiiiiiiiiiiP8ap_fixedILi16ELi6EL9ap_q_mode0EL9ap_o_mode0ELi0EES3_S3_S_40_address0  |  out|    5|   ap_memory|  p_ZZ7My_ConviiiiiiiiiiiP8ap_fixedILi16ELi6EL9ap_q_mode0EL9ap_o_mode0ELi0EES3_S3_S_40|         array|
|p_ZZ7My_ConviiiiiiiiiiiP8ap_fixedILi16ELi6EL9ap_q_mode0EL9ap_o_mode0ELi0EES3_S3_S_40_ce0       |  out|    1|   ap_memory|  p_ZZ7My_ConviiiiiiiiiiiP8ap_fixedILi16ELi6EL9ap_q_mode0EL9ap_o_mode0ELi0EES3_S3_S_40|         array|
|p_ZZ7My_ConviiiiiiiiiiiP8ap_fixedILi16ELi6EL9ap_q_mode0EL9ap_o_mode0ELi0EES3_S3_S_40_q0        |   in|   16|   ap_memory|  p_ZZ7My_ConviiiiiiiiiiiP8ap_fixedILi16ELi6EL9ap_q_mode0EL9ap_o_mode0ELi0EES3_S3_S_40|         array|
+-----------------------------------------------------------------------------------------------+-----+-----+------------+--------------------------------------------------------------------------------------+--------------+

