

================================================================
== Vitis HLS Report for 'generic_ceil_float_s'
================================================================
* Date:           Thu May  9 17:20:23 2024

* Version:        2022.1 (Build 3526262 on Mon Apr 18 15:48:16 MDT 2022)
* Project:        Conv_Tile129
* Solution:       solution9 (Vivado IP Flow Target)
* Product family: zynquplus
* Target device:  xck26-sfvc784-2LV-c


================================================================
== Performance Estimates
================================================================
+ Timing: 
    * Summary: 
    +--------+---------+----------+------------+
    |  Clock |  Target | Estimated| Uncertainty|
    +--------+---------+----------+------------+
    |ap_clk  |  4.80 ns|  2.984 ns|     1.30 ns|
    +--------+---------+----------+------------+

+ Latency: 
    * Summary: 
    +---------+---------+----------+----------+-----+-----+---------+
    |  Latency (cycles) |  Latency (absolute) |  Interval | Pipeline|
    |   min   |   max   |    min   |    max   | min | max |   Type  |
    +---------+---------+----------+----------+-----+-----+---------+
    |        1|        1|  4.800 ns|  4.800 ns|    1|    1|       no|
    +---------+---------+----------+----------+-----+-----+---------+

    + Detail: 
        * Instance: 
        N/A

        * Loop: 
        N/A



================================================================
== Utilization Estimates
================================================================
* Summary: 
+-----------------+---------+------+--------+--------+-----+
|       Name      | BRAM_18K|  DSP |   FF   |   LUT  | URAM|
+-----------------+---------+------+--------+--------+-----+
|DSP              |        -|     -|       -|       -|    -|
|Expression       |        -|     -|       0|     299|    -|
|FIFO             |        -|     -|       -|       -|    -|
|Instance         |        -|     -|       -|       -|    -|
|Memory           |        0|     -|      23|      12|    -|
|Multiplexer      |        -|     -|       -|      23|    -|
|Register         |        -|     -|     107|       -|    -|
+-----------------+---------+------+--------+--------+-----+
|Total            |        0|     0|     130|     334|    0|
+-----------------+---------+------+--------+--------+-----+
|Available        |      288|  1248|  234240|  117120|   64|
+-----------------+---------+------+--------+--------+-----+
|Utilization (%)  |        0|     0|      ~0|      ~0|    0|
+-----------------+---------+------+--------+--------+-----+

+ Detail: 
    * Instance: 
    N/A

    * DSP: 
    N/A

    * Memory: 
    +--------------+---------------------------------------------+---------+----+----+-----+------+-----+------+-------------+
    |    Memory    |                    Module                   | BRAM_18K| FF | LUT| URAM| Words| Bits| Banks| W*Bits*Banks|
    +--------------+---------------------------------------------+---------+----+----+-----+------+-----+------+-------------+
    |mask_table_U  |generic_ceil_float_s_mask_table_ROM_AUTO_1R  |        0|  23|  12|    0|    32|   23|     1|          736|
    +--------------+---------------------------------------------+---------+----+----+-----+------+-----+------+-------------+
    |Total         |                                             |        0|  23|  12|    0|    32|   23|     1|          736|
    +--------------+---------------------------------------------+---------+----+----+-----+------+-----+------+-------------+

    * FIFO: 
    N/A

    * Expression: 
    +---------------------------+----------+----+---+----+------------+------------+
    |       Variable Name       | Operation| DSP| FF| LUT| Bitwidth P0| Bitwidth P1|
    +---------------------------+----------+----+---+----+------------+------------+
    |data_V_1_fu_176_p2         |         +|   0|  0|  39|          32|          32|
    |and_ln1035_fu_289_p2       |       and|   0|  0|   2|           1|           1|
    |and_ln21_fu_255_p2         |       and|   0|  0|   2|           1|           1|
    |xs_sig_V_2_fu_231_p2       |       and|   0|  0|  23|          23|          23|
    |icmp_ln1035_1_fu_149_p2    |      icmp|   0|  0|  11|           8|           8|
    |icmp_ln1035_fu_144_p2      |      icmp|   0|  0|  11|           8|           7|
    |icmp_ln21_fu_119_p2        |      icmp|   0|  0|  16|          23|           1|
    |or_ln1035_fu_269_p2        |        or|   0|  0|   2|           1|           1|
    |or_ln21_1_fu_251_p2        |        or|   0|  0|   2|           1|           1|
    |or_ln21_fu_95_p2           |        or|   0|  0|   8|           8|           8|
    |or_ln779_fu_192_p2         |        or|   0|  0|  32|          32|          32|
    |select_ln1035_1_fu_295_p3  |    select|   0|  0|  32|           1|          32|
    |select_ln1035_fu_275_p3    |    select|   0|  0|  32|           1|          32|
    |select_ln21_fu_261_p3      |    select|   0|  0|  32|           1|          32|
    |xs_exp_V_3_fu_205_p3       |    select|   0|  0|   8|           1|           8|
    |xs_sig_V_fu_218_p3         |    select|   0|  0|  22|           1|          23|
    |xor_ln1035_fu_283_p2       |       xor|   0|  0|   2|           1|           2|
    |xor_ln1497_fu_225_p2       |       xor|   0|  0|  23|          23|           2|
    +---------------------------+----------+----+---+----+------------+------------+
    |Total                      |          |   0|  0| 299|         167|         246|
    +---------------------------+----------+----+---+----+------------+------------+

    * Multiplexer: 
    +-----------+----+-----------+-----+-----------+
    |    Name   | LUT| Input Size| Bits| Total Bits|
    +-----------+----+-----------+-----+-----------+
    |ap_NS_fsm  |  14|          3|    1|          3|
    |ap_return  |   9|          2|   32|         64|
    +-----------+----+-----------+-----+-----------+
    |Total      |  23|          5|   33|         67|
    +-----------+----+-----------+-----+-----------+

    * Register: 
    +---------------------+----+----+-----+-----------+
    |         Name        | FF | LUT| Bits| Const Bits|
    +---------------------+----+----+-----+-----------+
    |ap_CS_fsm            |   2|   0|    2|          0|
    |ap_return_preg       |  32|   0|   32|          0|
    |data_V_reg_307       |  32|   0|   32|          0|
    |icmp_ln21_reg_328    |   1|   0|    1|          0|
    |p_Result_s_reg_313   |   1|   0|    1|          0|
    |trunc_ln368_reg_338  |  31|   0|   31|          0|
    |xs_exp_V_2_reg_321   |   8|   0|    8|          0|
    +---------------------+----+----+-----+-----------+
    |Total                | 107|   0|  107|          0|
    +---------------------+----+----+-----+-----------+



================================================================
== Interface
================================================================
* Summary: 
+-----------+-----+-----+------------+---------------------+--------------+
| RTL Ports | Dir | Bits|  Protocol  |    Source Object    |    C Type    |
+-----------+-----+-----+------------+---------------------+--------------+
|ap_clk     |   in|    1|  ap_ctrl_hs|  generic_ceil<float>|  return value|
|ap_rst     |   in|    1|  ap_ctrl_hs|  generic_ceil<float>|  return value|
|ap_start   |   in|    1|  ap_ctrl_hs|  generic_ceil<float>|  return value|
|ap_done    |  out|    1|  ap_ctrl_hs|  generic_ceil<float>|  return value|
|ap_idle    |  out|    1|  ap_ctrl_hs|  generic_ceil<float>|  return value|
|ap_ready   |  out|    1|  ap_ctrl_hs|  generic_ceil<float>|  return value|
|ap_return  |  out|   32|  ap_ctrl_hs|  generic_ceil<float>|  return value|
|x          |   in|   32|     ap_none|                    x|        scalar|
+-----------+-----+-----+------------+---------------------+--------------+

