#-----------------------------------------------------------
# Vivado v2022.1 (64-bit)
# SW Build 3526262 on Mon Apr 18 15:48:16 MDT 2022
# IP Build 3524634 on Mon Apr 18 20:55:01 MDT 2022
# Start of session at: Thu Dec 12 12:02:21 2024
# Process ID: 1716
# Current directory: D:/Learning/CNN_Accelerator/Project/Vivado_Project/lenet3
# Command line: vivado.exe -gui_launcher_event rodinguilauncherevent12148 D:\Learning\CNN_Accelerator\Project\Vivado_Project\lenet3\lenet2.xpr
# Log file: D:/Learning/CNN_Accelerator/Project/Vivado_Project/lenet3/vivado.log
# Journal file: D:/Learning/CNN_Accelerator/Project/Vivado_Project/lenet3\vivado.jou
# Running On: WIN-05S5ST9THAA, OS: Windows, CPU Frequency: 2994 MHz, CPU Physical cores: 12, Host memory: 33685 MB
#-----------------------------------------------------------
start_gui
open_project D:/Learning/CNN_Accelerator/Project/Vivado_Project/lenet3/lenet2.xpr
update_compile_order -fileset sources_1
reset_run synth_1
reset_run impl_1
reset_run phy_synth_1
